---
source: tests/ir_snapshot_tests.rs
expression: ir
---
; ModuleID = 'pyferro'
source_filename = "pyferro"

@print_fmt = private unnamed_addr constant [6 x i8] c"%lld\0A\00", align 1

; Function Attrs: nofree nounwind
declare noundef i32 @printf(ptr noundef readonly captures(none), ...) local_unnamed_addr #0

; Function Attrs: mustprogress nofree norecurse nosync nounwind willreturn memory(none)
define range(i64 0, -9223372036854775807) i64 @abs_value(i64 %x) local_unnamed_addr #1 {
entry:
  %common.ret.op = tail call i64 @llvm.abs.i64(i64 %x, i1 false)
  ret i64 %common.ret.op
}

; Function Attrs: nofree nounwind
define noundef i32 @main() local_unnamed_addr #0 {
entry:
  %print_call = tail call i32 (ptr, ...) @printf(ptr nonnull dereferenceable(1) @print_fmt, i64 7)
  ret i32 0
}

; Function Attrs: nocallback nofree nosync nounwind speculatable willreturn memory(none)
declare i64 @llvm.abs.i64(i64, i1 immarg) #2

attributes #0 = { nofree nounwind }
attributes #1 = { mustprogress nofree norecurse nosync nounwind willreturn memory(none) }
attributes #2 = { nocallback nofree nosync nounwind speculatable willreturn memory(none) }
