---
source: tests/ir_snapshot_tests.rs
expression: ir
---
; ModuleID = 'pyferro'
source_filename = "pyferro"

@str = private unnamed_addr constant [5 x i8] c"true\00", align 1

; Function Attrs: mustprogress nofree norecurse nosync nounwind willreturn memory(none)
define i1 @is_nonpositive(i64 %n) local_unnamed_addr #0 {
entry:
  %cmptmp = icmp slt i64 %n, 1
  ret i1 %cmptmp
}

; Function Attrs: nofree nounwind
define noundef i32 @main() local_unnamed_addr #1 {
entry:
  %puts = tail call i32 @puts(ptr nonnull dereferenceable(1) @str)
  ret i32 0
}

; Function Attrs: nofree nounwind
declare noundef i32 @puts(ptr noundef readonly captures(none)) local_unnamed_addr #1

attributes #0 = { mustprogress nofree norecurse nosync nounwind willreturn memory(none) }
attributes #1 = { nofree nounwind }
